******************************************************************************
                  TI ARM Linker PC v18.1.1                     
******************************************************************************
>> Linked Sat Mar 24 16:29:03 2018

OUTPUT FILE NAME:   <MSP432_ADC.out>
ENTRY POINT SYMBOL: "_c_int00_noargs"  address: 0000115d


MEMORY CONFIGURATION

         name            origin    length      used     unused   attr    fill
----------------------  --------  ---------  --------  --------  ----  --------
  MAIN                  00000000   00040000  00001430  0003ebd0  R  X
  INFO                  00200000   00004000  00000000  00004000  R  X
  SRAM_CODE             01000000   00010000  0000073a  0000f8c6  RW X
  SRAM_DATA             20000000   00010000  0000073a  0000f8c6  RW  


SEGMENT ALLOCATION MAP

run origin  load origin   length   init length attrs members
----------  ----------- ---------- ----------- ----- -------
00000000    00000000    00001430   00001430    r-x
  00000000    00000000    000000e4   000000e4    r-- .intvecs
  000000e4    000000e4    0000122c   0000122c    r-x .text
  00001310    00001310    000000e0   000000e0    r-- .const
  000013f0    000013f0    00000040   00000040    r-- .cinit
20000000    20000000    0000053a   00000000    rw-
  20000000    20000000    00000510   00000000    rw- .bss
  20000510    20000510    0000002a   00000000    rw- .data
2000fe00    2000fe00    00000200   00000000    rw-
  2000fe00    2000fe00    00000200   00000000    rw- .stack


SECTION ALLOCATION MAP

 output                                  attributes/
section   page    origin      length       input sections
--------  ----  ----------  ----------   ----------------
.intvecs   0    00000000    000000e4     
                  00000000    000000e4     startup_msp432p401r_ccs.obj (.intvecs:retain)

.text      0    000000e4    0000122c     
                  000000e4    00000354     system_msp432p401r.obj (.text)
                  00000438    000002f8     UART_Driver.obj (.text)
                  00000730    00000224     MSPIO.obj (.text)
                  00000954    00000154     msp432p4xx_driverlib.lib : adc14_MSP432P4XX.obj (.text:_getIndexForMemRegister)
                  00000aa8    0000014c     main.obj (.text)
                  00000bf4    000000e0     msp432p4xx_driverlib.lib : cs_MSP432P4XX.obj (.text:CS_initClockSignal)
                  00000cd4    000000b2                              : timer_a_MSP432P4XX.obj (.text:privateTimer_AProcessClockSourceDivider)
                  00000d86    0000009c     rtsv7M4_T_le_v4SPD16_eabi.lib : memcpy_t2.asm.obj (.text)
                  00000e22    0000007a                                   : memset_t2.asm.obj (.text)
                  00000e9c    0000006c     msp432p4xx_driverlib.lib : adc14_MSP432P4XX.obj (.text:ADC14_configureConversionMemory)
                  00000f08    00000068     rtsv7M4_T_le_v4SPD16_eabi.lib : copy_decompress_lzss.c.obj (.text:decompress:lzss:__TI_decompress_lzss)
                  00000f70    00000064     msp432p4xx_driverlib.lib : interrupt_MSP432P4XX.obj (.text:Interrupt_enableInterrupt)
                  00000fd4    0000004c                              : gpio_MSP432P4XX.obj (.text:GPIO_setAsPeripheralModuleFunctionInputPin)
                  00001020    00000044                              : adc14_MSP432P4XX.obj (.text:ADC14_configureSingleSampleMode)
                  00001064    00000044                              : timer_a_MSP432P4XX.obj (.text:Timer_A_configureUpMode)
                  000010a8    00000044     rtsv7M4_T_le_v4SPD16_eabi.lib : autoinit.c.obj (.text:__TI_auto_init_nobinit_nopinit:__TI_auto_init_nobinit_nopinit)
                  000010ec    00000038     msp432p4xx_driverlib.lib : adc14_MSP432P4XX.obj (.text:ADC14_initModule)
                  00001124    00000038                              : adc14_MSP432P4XX.obj (.text:ADC14_setSampleHoldTrigger)
                  0000115c    00000038     rtsv7M4_T_le_v4SPD16_eabi.lib : boot_cortex_m.c.obj (.text:_c_int00_noargs:_c_int00_noargs)
                  00001194    0000002c     msp432p4xx_driverlib.lib : adc14_MSP432P4XX.obj (.text:ADC14_enableConversion)
                  000011c0    00000028                              : adc14_MSP432P4XX.obj (.text:ADC14_getEnabledInterruptStatus)
                  000011e8    00000026                              : timer_a_MSP432P4XX.obj (.text:Timer_A_initCompare)
                  0000120e    00000002     --HOLE-- [fill = 0]
                  00001210    00000020                              : adc14_MSP432P4XX.obj (.text:ADC14_enableInterrupt)
                  00001230    0000001c                              : adc14_MSP432P4XX.obj (.text:ADC14_clearInterruptFlag)
                  0000124c    0000001c                              : adc14_MSP432P4XX.obj (.text:ADC14_getInterruptStatus)
                  00001268    00000018                              : adc14_MSP432P4XX.obj (.text:ADC14_getResult)
                  00001280    00000018                              : wdt_a_MSP432P4XX.obj (.text:WDT_A_holdTimer)
                  00001298    00000014                              : adc14_MSP432P4XX.obj (.text:ADCIsConversionRunning)
                  000012ac    00000010                              : adc14_MSP432P4XX.obj (.text:ADC14_enableModule)
                  000012bc    00000010                              : interrupt_MSP432P4XX.obj (.text:Interrupt_enableMaster)
                  000012cc    0000000e     rtsv7M4_T_le_v4SPD16_eabi.lib : copy_decompress_none.c.obj (.text:decompress:none:__TI_decompress_none)
                  000012da    0000000e     startup_msp432p401r_ccs.obj (.text)
                  000012e8    0000000c     msp432p4xx_driverlib.lib : cpu_MSP432P4XX.obj (.text:CPU_cpsie)
                  000012f4    0000000c     rtsv7M4_T_le_v4SPD16_eabi.lib : copy_zero_init.c.obj (.text:decompress:ZI:__TI_zero_init)
                  00001300    00000008     msp432p4xx_driverlib.lib : timer_a_MSP432P4XX.obj (.text:Timer_A_startCounter)
                  00001308    00000004     rtsv7M4_T_le_v4SPD16_eabi.lib : pre_init.c.obj (.text:_system_pre_init)
                  0000130c    00000004                                   : exit.c.obj (.text:abort:abort)

.const     0    00001310    000000e0     
                  00001310    00000080     msp432p4xx_driverlib.lib : adc14_MSP432P4XX.obj (.const:_ctlRegs)
                  00001390    00000030                              : gpio_MSP432P4XX.obj (.const:GPIO_PORT_TO_BASE)
                  000013c0    00000018     main.obj (.const:upModeConfig)
                  000013d8    00000010     main.obj (.const:compareConfig)
                  000013e8    00000008     msp432p4xx_driverlib.lib : interrupt_MSP432P4XX.obj (.const:g_pulEnRegs)

.cinit     0    000013f0    00000040     
                  000013f0    0000001a     (.cinit..data.load) [load image, compression = lzss]
                  0000140a    00000002     --HOLE-- [fill = 0]
                  0000140c    0000000c     (__TI_handler_table)
                  00001418    00000008     (.cinit..bss.load) [load image, compression = zero_init]
                  00001420    00000010     (__TI_cinit_table)

.init_array 
*          0    00000000    00000000     UNINITIALIZED

.binit     0    00000000    00000000     

.bss       0    20000000    00000510     UNINITIALIZED
                  20000000    00000400     (.common:ADCBuffer)
                  20000400    00000080     (.common:UARTA0Data)
                  20000480    00000080     (.common:UARTA2Data)
                  20000500    00000004     (.common:UARTA0ReadIndex)
                  20000504    00000004     (.common:UARTA0WriteIndex)
                  20000508    00000004     (.common:UARTA2ReadIndex)
                  2000050c    00000004     (.common:UARTA2WriteIndex)

.data      0    20000510    0000002a     UNINITIALIZED
                  20000510    00000024     main.obj (.data:UART0Config)
                  20000534    00000004     system_msp432p401r.obj (.data)
                  20000538    00000002     main.obj (.data)

.stack     0    2000fe00    00000200     UNINITIALIZED
                  2000fe00    00000004     rtsv7M4_T_le_v4SPD16_eabi.lib : boot_cortex_m.c.obj (.stack)
                  2000fe04    000001fc     --HOLE--

MODULE SUMMARY

       Module                        code   ro data   rw data
       ------                        ----   -------   -------
    .\
       main.obj                      332    40        2124   
       system_msp432p401r.obj        852    0         8      
       MSPIO.obj                     548    0         0      
       startup_msp432p401r_ccs.obj   14     228       0      
    +--+-----------------------------+------+---------+---------+
       Total:                        1746   268       2132   
                                                             
    .\Hardware\
       UART_Driver.obj               760    0         544    
    +--+-----------------------------+------+---------+---------+
       Total:                        760    0         544    
                                                             
    C:/ti/simplelink_msp432p4_sdk_2_10_00_14/source/ti/devices/msp432p4xx/driverlib/ccs/msp432p4xx_driverlib.lib
       adc14_MSP432P4XX.obj          860    128       0      
       timer_a_MSP432P4XX.obj        292    0         0      
       cs_MSP432P4XX.obj             224    0         0      
       gpio_MSP432P4XX.obj           76     48        0      
       interrupt_MSP432P4XX.obj      116    8         0      
       wdt_a_MSP432P4XX.obj          24     0         0      
       cpu_MSP432P4XX.obj            12     0         0      
    +--+-----------------------------+------+---------+---------+
       Total:                        1604   184       0      
                                                             
    C:\ti\ccsv8\tools\compiler\ti-cgt-arm_18.1.1.LTS\lib\rtsv7M4_T_le_v4SPD16_eabi.lib
       memcpy_t2.asm.obj             156    0         0      
       memset_t2.asm.obj             122    0         0      
       copy_decompress_lzss.c.obj    104    0         0      
       autoinit.c.obj                68     0         0      
       boot_cortex_m.c.obj           56     0         0      
       copy_decompress_none.c.obj    14     0         0      
       copy_zero_init.c.obj          12     0         0      
       exit.c.obj                    4      0         0      
       pre_init.c.obj                4      0         0      
    +--+-----------------------------+------+---------+---------+
       Total:                        540    0         0      
                                                             
       Stack:                        0      0         1024   
       Linker Generated:             0      62        0      
    +--+-----------------------------+------+---------+---------+
       Grand Total:                  4650   514       3700   


LINKER GENERATED COPY TABLES

__TI_cinit_table @ 00001420 records: 2, size/record: 8, table size: 16
	.data: load addr=000013f0, load size=0000001a bytes, run addr=20000510, run size=0000002a bytes, compression=lzss
	.bss: load addr=00001418, load size=00000008 bytes, run addr=20000000, run size=00000510 bytes, compression=zero_init


LINKER GENERATED HANDLER TABLE

__TI_handler_table @ 0000140c records: 3, size/record: 4, table size: 12
	index: 0, handler: __TI_decompress_lzss
	index: 1, handler: __TI_decompress_none
	index: 2, handler: __TI_zero_init


GLOBAL SYMBOLS: SORTED ALPHABETICALLY BY Name 

address   name                                      
-------   ----                                      
00000b75  ADC14_IRQHandler                          
00000b75  ADC14_IRQHandler                          
00001231  ADC14_clearInterruptFlag                  
00000e9d  ADC14_configureConversionMemory           
00001021  ADC14_configureSingleSampleMode           
00001195  ADC14_enableConversion                    
00001211  ADC14_enableInterrupt                     
000012ad  ADC14_enableModule                        
000011c1  ADC14_getEnabledInterruptStatus           
0000124d  ADC14_getInterruptStatus                  
00001269  ADC14_getResult                           
000010ed  ADC14_initModule                          
00001125  ADC14_setSampleHoldTrigger                
20000000  ADCBuffer                                 
000012e7  AES256_IRQHandler                         
000012e7  BusFault_Handler                          
0000130d  C$$EXIT                                   
000012e7  COMP_E0_IRQHandler                        
000012e7  COMP_E1_IRQHandler                        
000012e9  CPU_cpsie                                 
000012e7  CS_IRQHandler                             
00000bf5  CS_initClockSignal                        
000012e7  DMA_ERR_IRQHandler                        
000012e7  DMA_INT0_IRQHandler                       
000012e7  DMA_INT1_IRQHandler                       
000012e7  DMA_INT2_IRQHandler                       
000012e7  DMA_INT3_IRQHandler                       
000012e7  DebugMon_Handler                          
000012e7  Default_Handler                           
00000621  EUSCIA0_IRQHandler                        
00000621  EUSCIA0_IRQHandler                        
000012e7  EUSCIA1_IRQHandler                        
0000069b  EUSCIA2_IRQHandler                        
0000069b  EUSCIA2_IRQHandler                        
000012e7  EUSCIA3_IRQHandler                        
000012e7  EUSCIB0_IRQHandler                        
000012e7  EUSCIB1_IRQHandler                        
000012e7  EUSCIB2_IRQHandler                        
000012e7  EUSCIB3_IRQHandler                        
000012e7  FLCTL_IRQHandler                          
000012e7  FPU_IRQHandler                            
00000fd5  GPIO_setAsPeripheralModuleFunctionInputPin
000012e7  HardFault_Handler                         
00000f71  Interrupt_enableInterrupt                 
000012bd  Interrupt_enableMaster                    
000008ad  MSPgets                                   
000007f3  MSPrintf                                  
000012e7  MemManage_Handler                         
000012e7  NMI_Handler                               
000012e7  PCM_IRQHandler                            
000012e7  PORT1_IRQHandler                          
000012e7  PORT2_IRQHandler                          
000012e7  PORT3_IRQHandler                          
000012e7  PORT4_IRQHandler                          
000012e7  PORT5_IRQHandler                          
000012e7  PORT6_IRQHandler                          
000012e7  PSS_IRQHandler                            
000012e7  PendSV_Handler                            
00000731  PrintChar                                 
00000767  PrintInteger                              
00000745  PrintString                               
000012e7  RTC_C_IRQHandler                          
000012db  Reset_Handler                             
000012e7  SVC_Handler                               
000012e7  SysTick_Handler                           
20000534  SystemCoreClock                           
000000e5  SystemCoreClockUpdate                     
0000035d  SystemInit                                
000012e7  T32_INT1_IRQHandler                       
000012e7  T32_INT2_IRQHandler                       
000012e7  T32_INTC_IRQHandler                       
000012e7  TA0_0_IRQHandler                          
000012e7  TA0_N_IRQHandler                          
000012e7  TA1_0_IRQHandler                          
000012e7  TA1_N_IRQHandler                          
000012e7  TA2_0_IRQHandler                          
000012e7  TA2_N_IRQHandler                          
000012e7  TA3_0_IRQHandler                          
000012e7  TA3_N_IRQHandler                          
00001065  Timer_A_configureUpMode                   
000011e9  Timer_A_initCompare                       
00001301  Timer_A_startCounter                      
20000510  UART0Config                               
20000400  UARTA0Data                                
20000500  UARTA0ReadIndex                           
20000504  UARTA0WriteIndex                          
20000480  UARTA2Data                                
20000508  UARTA2ReadIndex                           
2000050c  UARTA2WriteIndex                          
00000439  UART_Init                                 
00000529  UART_Read                                 
000004ed  UART_Write                                
000012e7  UsageFault_Handler                        
4000480c  WDTCTL_SYM                                
000012e7  WDT_A_IRQHandler                          
00001281  WDT_A_holdTimer                           
20010000  __STACK_END                               
00000200  __STACK_SIZE                              
00001420  __TI_CINIT_Base                           
00001430  __TI_CINIT_Limit                          
0000140c  __TI_Handler_Table_Base                   
00001418  __TI_Handler_Table_Limit                  
000010a9  __TI_auto_init_nobinit_nopinit            
00000f09  __TI_decompress_lzss                      
000012cd  __TI_decompress_none                      
ffffffff  __TI_pprof_out_hndl                       
ffffffff  __TI_prof_data_size                       
ffffffff  __TI_prof_data_start                      
00000000  __TI_static_base__                        
000012f5  __TI_zero_init                            
00000e23  __aeabi_memclr                            
00000e23  __aeabi_memclr4                           
00000e23  __aeabi_memclr8                           
00000d87  __aeabi_memcpy                            
00000d87  __aeabi_memcpy4                           
00000d87  __aeabi_memcpy8                           
00000e25  __aeabi_memset                            
00000e25  __aeabi_memset4                           
00000e25  __aeabi_memset8                           
ffffffff  __binit__                                 
ffffffff  __c_args__                                
UNDEFED   __mpu_init                                
2000fe00  __stack                                   
0000115d  _c_int00_noargs                           
UNDEFED   _system_post_cinit                        
00001309  _system_pre_init                          
0000130d  abort                                     
ffffffff  binit                                     
000013d8  compareConfig                             
20000538  index                                     
00000000  interruptVectors                          
00000aa9  main                                      
00000d87  memcpy                                    
00000e2b  memset                                    
20000539  print                                     
000013c0  upModeConfig                              


GLOBAL SYMBOLS: SORTED BY Symbol Address 

address   name                                      
-------   ----                                      
00000000  __TI_static_base__                        
00000000  interruptVectors                          
000000e5  SystemCoreClockUpdate                     
00000200  __STACK_SIZE                              
0000035d  SystemInit                                
00000439  UART_Init                                 
000004ed  UART_Write                                
00000529  UART_Read                                 
00000621  EUSCIA0_IRQHandler                        
00000621  EUSCIA0_IRQHandler                        
0000069b  EUSCIA2_IRQHandler                        
0000069b  EUSCIA2_IRQHandler                        
00000731  PrintChar                                 
00000745  PrintString                               
00000767  PrintInteger                              
000007f3  MSPrintf                                  
000008ad  MSPgets                                   
00000aa9  main                                      
00000b75  ADC14_IRQHandler                          
00000b75  ADC14_IRQHandler                          
00000bf5  CS_initClockSignal                        
00000d87  __aeabi_memcpy                            
00000d87  __aeabi_memcpy4                           
00000d87  __aeabi_memcpy8                           
00000d87  memcpy                                    
00000e23  __aeabi_memclr                            
00000e23  __aeabi_memclr4                           
00000e23  __aeabi_memclr8                           
00000e25  __aeabi_memset                            
00000e25  __aeabi_memset4                           
00000e25  __aeabi_memset8                           
00000e2b  memset                                    
00000e9d  ADC14_configureConversionMemory           
00000f09  __TI_decompress_lzss                      
00000f71  Interrupt_enableInterrupt                 
00000fd5  GPIO_setAsPeripheralModuleFunctionInputPin
00001021  ADC14_configureSingleSampleMode           
00001065  Timer_A_configureUpMode                   
000010a9  __TI_auto_init_nobinit_nopinit            
000010ed  ADC14_initModule                          
00001125  ADC14_setSampleHoldTrigger                
0000115d  _c_int00_noargs                           
00001195  ADC14_enableConversion                    
000011c1  ADC14_getEnabledInterruptStatus           
000011e9  Timer_A_initCompare                       
00001211  ADC14_enableInterrupt                     
00001231  ADC14_clearInterruptFlag                  
0000124d  ADC14_getInterruptStatus                  
00001269  ADC14_getResult                           
00001281  WDT_A_holdTimer                           
000012ad  ADC14_enableModule                        
000012bd  Interrupt_enableMaster                    
000012cd  __TI_decompress_none                      
000012db  Reset_Handler                             
000012e7  AES256_IRQHandler                         
000012e7  BusFault_Handler                          
000012e7  COMP_E0_IRQHandler                        
000012e7  COMP_E1_IRQHandler                        
000012e7  CS_IRQHandler                             
000012e7  DMA_ERR_IRQHandler                        
000012e7  DMA_INT0_IRQHandler                       
000012e7  DMA_INT1_IRQHandler                       
000012e7  DMA_INT2_IRQHandler                       
000012e7  DMA_INT3_IRQHandler                       
000012e7  DebugMon_Handler                          
000012e7  Default_Handler                           
000012e7  EUSCIA1_IRQHandler                        
000012e7  EUSCIA3_IRQHandler                        
000012e7  EUSCIB0_IRQHandler                        
000012e7  EUSCIB1_IRQHandler                        
000012e7  EUSCIB2_IRQHandler                        
000012e7  EUSCIB3_IRQHandler                        
000012e7  FLCTL_IRQHandler                          
000012e7  FPU_IRQHandler                            
000012e7  HardFault_Handler                         
000012e7  MemManage_Handler                         
000012e7  NMI_Handler                               
000012e7  PCM_IRQHandler                            
000012e7  PORT1_IRQHandler                          
000012e7  PORT2_IRQHandler                          
000012e7  PORT3_IRQHandler                          
000012e7  PORT4_IRQHandler                          
000012e7  PORT5_IRQHandler                          
000012e7  PORT6_IRQHandler                          
000012e7  PSS_IRQHandler                            
000012e7  PendSV_Handler                            
000012e7  RTC_C_IRQHandler                          
000012e7  SVC_Handler                               
000012e7  SysTick_Handler                           
000012e7  T32_INT1_IRQHandler                       
000012e7  T32_INT2_IRQHandler                       
000012e7  T32_INTC_IRQHandler                       
000012e7  TA0_0_IRQHandler                          
000012e7  TA0_N_IRQHandler                          
000012e7  TA1_0_IRQHandler                          
000012e7  TA1_N_IRQHandler                          
000012e7  TA2_0_IRQHandler                          
000012e7  TA2_N_IRQHandler                          
000012e7  TA3_0_IRQHandler                          
000012e7  TA3_N_IRQHandler                          
000012e7  UsageFault_Handler                        
000012e7  WDT_A_IRQHandler                          
000012e9  CPU_cpsie                                 
000012f5  __TI_zero_init                            
00001301  Timer_A_startCounter                      
00001309  _system_pre_init                          
0000130d  C$$EXIT                                   
0000130d  abort                                     
000013c0  upModeConfig                              
000013d8  compareConfig                             
0000140c  __TI_Handler_Table_Base                   
00001418  __TI_Handler_Table_Limit                  
00001420  __TI_CINIT_Base                           
00001430  __TI_CINIT_Limit                          
20000000  ADCBuffer                                 
20000400  UARTA0Data                                
20000480  UARTA2Data                                
20000500  UARTA0ReadIndex                           
20000504  UARTA0WriteIndex                          
20000508  UARTA2ReadIndex                           
2000050c  UARTA2WriteIndex                          
20000510  UART0Config                               
20000534  SystemCoreClock                           
20000538  index                                     
20000539  print                                     
2000fe00  __stack                                   
20010000  __STACK_END                               
4000480c  WDTCTL_SYM                                
ffffffff  __TI_pprof_out_hndl                       
ffffffff  __TI_prof_data_size                       
ffffffff  __TI_prof_data_start                      
ffffffff  __binit__                                 
ffffffff  __c_args__                                
ffffffff  binit                                     
UNDEFED   __mpu_init                                
UNDEFED   _system_post_cinit                        

[136 symbols]
