******************************************************************************
                  TI ARM Linker PC v18.1.1                     
******************************************************************************
>> Linked Tue Mar 27 20:05:31 2018

OUTPUT FILE NAME:   <MSP432_ADC.out>
ENTRY POINT SYMBOL: "_c_int00_noargs"  address: 00000f19


MEMORY CONFIGURATION

         name            origin    length      used     unused   attr    fill
----------------------  --------  ---------  --------  --------  ----  --------
  MAIN                  00000000   00040000  0000121c  0003ede4  R  X
  INFO                  00200000   00004000  00000000  00004000  R  X
  SRAM_CODE             01000000   00010000  0000073a  0000f8c6  RW X
  SRAM_DATA             20000000   00010000  0000073a  0000f8c6  RW  


SEGMENT ALLOCATION MAP

run origin  load origin   length   init length attrs members
----------  ----------- ---------- ----------- ----- -------
00000000    00000000    00001220   00001220    r-x
  00000000    00000000    000000e4   000000e4    r-- .intvecs
  000000e4    000000e4    00001018   00001018    r-x .text
  000010fc    000010fc    000000e0   000000e0    r-- .const
  000011e0    000011e0    00000040   00000040    r-- .cinit
20000000    20000000    0000053a   00000000    rw-
  20000000    20000000    00000510   00000000    rw- .bss
  20000510    20000510    0000002a   00000000    rw- .data
2000fe00    2000fe00    00000200   00000000    rw-
  2000fe00    2000fe00    00000200   00000000    rw- .stack


SECTION ALLOCATION MAP

 output                                  attributes/
section   page    origin      length       input sections
--------  ----  ----------  ----------   ----------------
.intvecs   0    00000000    000000e4     
                  00000000    000000e4     startup_msp432p401r_ccs.obj (.intvecs:retain)

.text      0    000000e4    00001018     
                  000000e4    00000354     system_msp432p401r.obj (.text)
                  00000438    000002f8     UART_Driver.obj (.text)
                  00000730    00000154     msp432p4xx_driverlib.lib : adc14_MSP432P4XX.obj (.text:_getIndexForMemRegister)
                  00000884    000000e0                              : cs_MSP432P4XX.obj (.text:CS_initClockSignal)
                  00000964    000000dc     main.obj (.text)
                  00000a40    000000b2     msp432p4xx_driverlib.lib : timer_a_MSP432P4XX.obj (.text:privateTimer_AProcessClockSourceDivider)
                  00000af2    0000009c     rtsv7M4_T_le_v4SPD16_eabi.lib : memcpy_t2.asm.obj (.text)
                  00000b8e    0000007a                                   : memset_t2.asm.obj (.text)
                  00000c08    0000006c     msp432p4xx_driverlib.lib : adc14_MSP432P4XX.obj (.text:ADC14_configureConversionMemory)
                  00000c74    00000068     rtsv7M4_T_le_v4SPD16_eabi.lib : copy_decompress_lzss.c.obj (.text:decompress:lzss:__TI_decompress_lzss)
                  00000cdc    00000064     msp432p4xx_driverlib.lib : interrupt_MSP432P4XX.obj (.text:Interrupt_enableInterrupt)
                  00000d40    00000050     ADC_Driver.obj (.text)
                  00000d90    0000004c     msp432p4xx_driverlib.lib : gpio_MSP432P4XX.obj (.text:GPIO_setAsPeripheralModuleFunctionInputPin)
                  00000ddc    00000044                              : adc14_MSP432P4XX.obj (.text:ADC14_configureSingleSampleMode)
                  00000e20    00000044                              : timer_a_MSP432P4XX.obj (.text:Timer_A_configureUpMode)
                  00000e64    00000044     rtsv7M4_T_le_v4SPD16_eabi.lib : autoinit.c.obj (.text:__TI_auto_init_nobinit_nopinit:__TI_auto_init_nobinit_nopinit)
                  00000ea8    00000038     msp432p4xx_driverlib.lib : adc14_MSP432P4XX.obj (.text:ADC14_initModule)
                  00000ee0    00000038                              : adc14_MSP432P4XX.obj (.text:ADC14_setSampleHoldTrigger)
                  00000f18    00000038     rtsv7M4_T_le_v4SPD16_eabi.lib : boot_cortex_m.c.obj (.text:_c_int00_noargs:_c_int00_noargs)
                  00000f50    00000030     TimerA_Driver.obj (.text)
                  00000f80    0000002c     msp432p4xx_driverlib.lib : adc14_MSP432P4XX.obj (.text:ADC14_enableConversion)
                  00000fac    00000028                              : adc14_MSP432P4XX.obj (.text:ADC14_getEnabledInterruptStatus)
                  00000fd4    00000026                              : timer_a_MSP432P4XX.obj (.text:Timer_A_initCompare)
                  00000ffa    00000002     --HOLE-- [fill = 0]
                  00000ffc    00000020                              : adc14_MSP432P4XX.obj (.text:ADC14_enableInterrupt)
                  0000101c    0000001c                              : adc14_MSP432P4XX.obj (.text:ADC14_clearInterruptFlag)
                  00001038    0000001c                              : adc14_MSP432P4XX.obj (.text:ADC14_getInterruptStatus)
                  00001054    00000018                              : adc14_MSP432P4XX.obj (.text:ADC14_getResult)
                  0000106c    00000018                              : wdt_a_MSP432P4XX.obj (.text:WDT_A_holdTimer)
                  00001084    00000014                              : adc14_MSP432P4XX.obj (.text:ADCIsConversionRunning)
                  00001098    00000010                              : adc14_MSP432P4XX.obj (.text:ADC14_enableModule)
                  000010a8    00000010                              : interrupt_MSP432P4XX.obj (.text:Interrupt_enableMaster)
                  000010b8    0000000e     rtsv7M4_T_le_v4SPD16_eabi.lib : copy_decompress_none.c.obj (.text:decompress:none:__TI_decompress_none)
                  000010c6    0000000e     startup_msp432p401r_ccs.obj (.text)
                  000010d4    0000000c     msp432p4xx_driverlib.lib : cpu_MSP432P4XX.obj (.text:CPU_cpsie)
                  000010e0    0000000c     rtsv7M4_T_le_v4SPD16_eabi.lib : copy_zero_init.c.obj (.text:decompress:ZI:__TI_zero_init)
                  000010ec    00000008     msp432p4xx_driverlib.lib : timer_a_MSP432P4XX.obj (.text:Timer_A_startCounter)
                  000010f4    00000004     rtsv7M4_T_le_v4SPD16_eabi.lib : pre_init.c.obj (.text:_system_pre_init)
                  000010f8    00000004                                   : exit.c.obj (.text:abort:abort)

.const     0    000010fc    000000e0     
                  000010fc    00000080     msp432p4xx_driverlib.lib : adc14_MSP432P4XX.obj (.const:_ctlRegs)
                  0000117c    00000030                              : gpio_MSP432P4XX.obj (.const:GPIO_PORT_TO_BASE)
                  000011ac    00000018     TimerA_Driver.obj (.const:upModeConfig)
                  000011c4    00000010     TimerA_Driver.obj (.const:compareConfig)
                  000011d4    00000008     msp432p4xx_driverlib.lib : interrupt_MSP432P4XX.obj (.const:g_pulEnRegs)

.cinit     0    000011e0    00000040     
                  000011e0    0000001a     (.cinit..data.load) [load image, compression = lzss]
                  000011fa    00000002     --HOLE-- [fill = 0]
                  000011fc    0000000c     (__TI_handler_table)
                  00001208    00000008     (.cinit..bss.load) [load image, compression = zero_init]
                  00001210    00000010     (__TI_cinit_table)

.init_array 
*          0    00000000    00000000     UNINITIALIZED

.binit     0    00000000    00000000     

.bss       0    20000000    00000510     UNINITIALIZED
                  20000000    00000400     (.common:ADCBuffer)
                  20000400    00000080     (.common:UARTA0Data)
                  20000480    00000080     (.common:UARTA2Data)
                  20000500    00000004     (.common:UARTA0ReadIndex)
                  20000504    00000004     (.common:UARTA0WriteIndex)
                  20000508    00000004     (.common:UARTA2ReadIndex)
                  2000050c    00000004     (.common:UARTA2WriteIndex)

.data      0    20000510    0000002a     UNINITIALIZED
                  20000510    00000024     main.obj (.data:UART0Config)
                  20000534    00000004     system_msp432p401r.obj (.data)
                  20000538    00000002     main.obj (.data)

.stack     0    2000fe00    00000200     UNINITIALIZED
                  2000fe00    00000004     rtsv7M4_T_le_v4SPD16_eabi.lib : boot_cortex_m.c.obj (.stack)
                  2000fe04    000001fc     --HOLE--

MODULE SUMMARY

       Module                        code   ro data   rw data
       ------                        ----   -------   -------
    .\
       main.obj                      220    0         2124   
       system_msp432p401r.obj        852    0         8      
       startup_msp432p401r_ccs.obj   14     228       0      
    +--+-----------------------------+------+---------+---------+
       Total:                        1086   228       2132   
                                                             
    .\Hardware\
       UART_Driver.obj               760    0         544    
       TimerA_Driver.obj             48     40        0      
       ADC_Driver.obj                80     0         0      
    +--+-----------------------------+------+---------+---------+
       Total:                        888    40        544    
                                                             
    C:/ti/simplelink_msp432p4_sdk_2_10_00_14/source/ti/devices/msp432p4xx/driverlib/ccs/msp432p4xx_driverlib.lib
       adc14_MSP432P4XX.obj          860    128       0      
       timer_a_MSP432P4XX.obj        292    0         0      
       cs_MSP432P4XX.obj             224    0         0      
       gpio_MSP432P4XX.obj           76     48        0      
       interrupt_MSP432P4XX.obj      116    8         0      
       wdt_a_MSP432P4XX.obj          24     0         0      
       cpu_MSP432P4XX.obj            12     0         0      
    +--+-----------------------------+------+---------+---------+
       Total:                        1604   184       0      
                                                             
    C:\ti\ccsv7\tools\compiler\ti-cgt-arm_18.1.1.LTS\lib\rtsv7M4_T_le_v4SPD16_eabi.lib
       memcpy_t2.asm.obj             156    0         0      
       memset_t2.asm.obj             122    0         0      
       copy_decompress_lzss.c.obj    104    0         0      
       autoinit.c.obj                68     0         0      
       boot_cortex_m.c.obj           56     0         0      
       copy_decompress_none.c.obj    14     0         0      
       copy_zero_init.c.obj          12     0         0      
       exit.c.obj                    4      0         0      
       pre_init.c.obj                4      0         0      
    +--+-----------------------------+------+---------+---------+
       Total:                        540    0         0      
                                                             
       Stack:                        0      0         1024   
       Linker Generated:             0      62        0      
    +--+-----------------------------+------+---------+---------+
       Grand Total:                  4118   514       3700   


LINKER GENERATED COPY TABLES

__TI_cinit_table @ 00001210 records: 2, size/record: 8, table size: 16
	.data: load addr=000011e0, load size=0000001a bytes, run addr=20000510, run size=0000002a bytes, compression=lzss
	.bss: load addr=00001208, load size=00000008 bytes, run addr=20000000, run size=00000510 bytes, compression=zero_init


LINKER GENERATED HANDLER TABLE

__TI_handler_table @ 000011fc records: 3, size/record: 4, table size: 12
	index: 0, handler: __TI_decompress_lzss
	index: 1, handler: __TI_decompress_none
	index: 2, handler: __TI_zero_init


GLOBAL SYMBOLS: SORTED ALPHABETICALLY BY Name 

address   name                                      
-------   ----                                      
000009d1  ADC14_IRQHandler                          
000009d1  ADC14_IRQHandler                          
0000101d  ADC14_clearInterruptFlag                  
00000c09  ADC14_configureConversionMemory           
00000ddd  ADC14_configureSingleSampleMode           
00000f81  ADC14_enableConversion                    
00000ffd  ADC14_enableInterrupt                     
00001099  ADC14_enableModule                        
00000fad  ADC14_getEnabledInterruptStatus           
00001039  ADC14_getInterruptStatus                  
00001055  ADC14_getResult                           
00000ea9  ADC14_initModule                          
00000ee1  ADC14_setSampleHoldTrigger                
20000000  ADCBuffer                                 
00000d41  ADC_Init                                  
000010d3  AES256_IRQHandler                         
000010d3  BusFault_Handler                          
000010f9  C$$EXIT                                   
000010d3  COMP_E0_IRQHandler                        
000010d3  COMP_E1_IRQHandler                        
000010d5  CPU_cpsie                                 
000010d3  CS_IRQHandler                             
00000885  CS_initClockSignal                        
000010d3  DMA_ERR_IRQHandler                        
000010d3  DMA_INT0_IRQHandler                       
000010d3  DMA_INT1_IRQHandler                       
000010d3  DMA_INT2_IRQHandler                       
000010d3  DMA_INT3_IRQHandler                       
000010d3  DebugMon_Handler                          
000010d3  Default_Handler                           
00000621  EUSCIA0_IRQHandler                        
00000621  EUSCIA0_IRQHandler                        
000010d3  EUSCIA1_IRQHandler                        
0000069b  EUSCIA2_IRQHandler                        
0000069b  EUSCIA2_IRQHandler                        
000010d3  EUSCIA3_IRQHandler                        
000010d3  EUSCIB0_IRQHandler                        
000010d3  EUSCIB1_IRQHandler                        
000010d3  EUSCIB2_IRQHandler                        
000010d3  EUSCIB3_IRQHandler                        
000010d3  FLCTL_IRQHandler                          
000010d3  FPU_IRQHandler                            
00000d91  GPIO_setAsPeripheralModuleFunctionInputPin
000010d3  HardFault_Handler                         
00000cdd  Interrupt_enableInterrupt                 
000010a9  Interrupt_enableMaster                    
000010d3  MemManage_Handler                         
000010d3  NMI_Handler                               
000010d3  PCM_IRQHandler                            
000010d3  PORT1_IRQHandler                          
000010d3  PORT2_IRQHandler                          
000010d3  PORT3_IRQHandler                          
000010d3  PORT4_IRQHandler                          
000010d3  PORT5_IRQHandler                          
000010d3  PORT6_IRQHandler                          
000010d3  PSS_IRQHandler                            
000010d3  PendSV_Handler                            
000010d3  RTC_C_IRQHandler                          
000010c7  Reset_Handler                             
000010d3  SVC_Handler                               
000010d3  SysTick_Handler                           
20000534  SystemCoreClock                           
000000e5  SystemCoreClockUpdate                     
0000035d  SystemInit                                
000010d3  T32_INT1_IRQHandler                       
000010d3  T32_INT2_IRQHandler                       
000010d3  T32_INTC_IRQHandler                       
000010d3  TA0_0_IRQHandler                          
000010d3  TA0_N_IRQHandler                          
000010d3  TA1_0_IRQHandler                          
000010d3  TA1_N_IRQHandler                          
000010d3  TA2_0_IRQHandler                          
000010d3  TA2_N_IRQHandler                          
000010d3  TA3_0_IRQHandler                          
000010d3  TA3_N_IRQHandler                          
00000f51  TimerA_Init                               
00000f69  TimerA_StartTimer                         
00000e21  Timer_A_configureUpMode                   
00000fd5  Timer_A_initCompare                       
000010ed  Timer_A_startCounter                      
20000510  UART0Config                               
20000400  UARTA0Data                                
20000500  UARTA0ReadIndex                           
20000504  UARTA0WriteIndex                          
20000480  UARTA2Data                                
20000508  UARTA2ReadIndex                           
2000050c  UARTA2WriteIndex                          
00000439  UART_Init                                 
00000529  UART_Read                                 
000004ed  UART_Write                                
000010d3  UsageFault_Handler                        
4000480c  WDTCTL_SYM                                
000010d3  WDT_A_IRQHandler                          
0000106d  WDT_A_holdTimer                           
20010000  __STACK_END                               
00000200  __STACK_SIZE                              
00001210  __TI_CINIT_Base                           
00001220  __TI_CINIT_Limit                          
000011fc  __TI_Handler_Table_Base                   
00001208  __TI_Handler_Table_Limit                  
00000e65  __TI_auto_init_nobinit_nopinit            
00000c75  __TI_decompress_lzss                      
000010b9  __TI_decompress_none                      
ffffffff  __TI_pprof_out_hndl                       
ffffffff  __TI_prof_data_size                       
ffffffff  __TI_prof_data_start                      
00000000  __TI_static_base__                        
000010e1  __TI_zero_init                            
00000b8f  __aeabi_memclr                            
00000b8f  __aeabi_memclr4                           
00000b8f  __aeabi_memclr8                           
00000af3  __aeabi_memcpy                            
00000af3  __aeabi_memcpy4                           
00000af3  __aeabi_memcpy8                           
00000b91  __aeabi_memset                            
00000b91  __aeabi_memset4                           
00000b91  __aeabi_memset8                           
ffffffff  __binit__                                 
ffffffff  __c_args__                                
UNDEFED   __mpu_init                                
2000fe00  __stack                                   
00000f19  _c_int00_noargs                           
UNDEFED   _system_post_cinit                        
000010f5  _system_pre_init                          
000010f9  abort                                     
ffffffff  binit                                     
000011c4  compareConfig                             
20000538  index                                     
00000000  interruptVectors                          
00000965  main                                      
00000af3  memcpy                                    
00000b97  memset                                    
20000539  print                                     
000011ac  upModeConfig                              


GLOBAL SYMBOLS: SORTED BY Symbol Address 

address   name                                      
-------   ----                                      
00000000  __TI_static_base__                        
00000000  interruptVectors                          
000000e5  SystemCoreClockUpdate                     
00000200  __STACK_SIZE                              
0000035d  SystemInit                                
00000439  UART_Init                                 
000004ed  UART_Write                                
00000529  UART_Read                                 
00000621  EUSCIA0_IRQHandler                        
00000621  EUSCIA0_IRQHandler                        
0000069b  EUSCIA2_IRQHandler                        
0000069b  EUSCIA2_IRQHandler                        
00000885  CS_initClockSignal                        
00000965  main                                      
000009d1  ADC14_IRQHandler                          
000009d1  ADC14_IRQHandler                          
00000af3  __aeabi_memcpy                            
00000af3  __aeabi_memcpy4                           
00000af3  __aeabi_memcpy8                           
00000af3  memcpy                                    
00000b8f  __aeabi_memclr                            
00000b8f  __aeabi_memclr4                           
00000b8f  __aeabi_memclr8                           
00000b91  __aeabi_memset                            
00000b91  __aeabi_memset4                           
00000b91  __aeabi_memset8                           
00000b97  memset                                    
00000c09  ADC14_configureConversionMemory           
00000c75  __TI_decompress_lzss                      
00000cdd  Interrupt_enableInterrupt                 
00000d41  ADC_Init                                  
00000d91  GPIO_setAsPeripheralModuleFunctionInputPin
00000ddd  ADC14_configureSingleSampleMode           
00000e21  Timer_A_configureUpMode                   
00000e65  __TI_auto_init_nobinit_nopinit            
00000ea9  ADC14_initModule                          
00000ee1  ADC14_setSampleHoldTrigger                
00000f19  _c_int00_noargs                           
00000f51  TimerA_Init                               
00000f69  TimerA_StartTimer                         
00000f81  ADC14_enableConversion                    
00000fad  ADC14_getEnabledInterruptStatus           
00000fd5  Timer_A_initCompare                       
00000ffd  ADC14_enableInterrupt                     
0000101d  ADC14_clearInterruptFlag                  
00001039  ADC14_getInterruptStatus                  
00001055  ADC14_getResult                           
0000106d  WDT_A_holdTimer                           
00001099  ADC14_enableModule                        
000010a9  Interrupt_enableMaster                    
000010b9  __TI_decompress_none                      
000010c7  Reset_Handler                             
000010d3  AES256_IRQHandler                         
000010d3  BusFault_Handler                          
000010d3  COMP_E0_IRQHandler                        
000010d3  COMP_E1_IRQHandler                        
000010d3  CS_IRQHandler                             
000010d3  DMA_ERR_IRQHandler                        
000010d3  DMA_INT0_IRQHandler                       
000010d3  DMA_INT1_IRQHandler                       
000010d3  DMA_INT2_IRQHandler                       
000010d3  DMA_INT3_IRQHandler                       
000010d3  DebugMon_Handler                          
000010d3  Default_Handler                           
000010d3  EUSCIA1_IRQHandler                        
000010d3  EUSCIA3_IRQHandler                        
000010d3  EUSCIB0_IRQHandler                        
000010d3  EUSCIB1_IRQHandler                        
000010d3  EUSCIB2_IRQHandler                        
000010d3  EUSCIB3_IRQHandler                        
000010d3  FLCTL_IRQHandler                          
000010d3  FPU_IRQHandler                            
000010d3  HardFault_Handler                         
000010d3  MemManage_Handler                         
000010d3  NMI_Handler                               
000010d3  PCM_IRQHandler                            
000010d3  PORT1_IRQHandler                          
000010d3  PORT2_IRQHandler                          
000010d3  PORT3_IRQHandler                          
000010d3  PORT4_IRQHandler                          
000010d3  PORT5_IRQHandler                          
000010d3  PORT6_IRQHandler                          
000010d3  PSS_IRQHandler                            
000010d3  PendSV_Handler                            
000010d3  RTC_C_IRQHandler                          
000010d3  SVC_Handler                               
000010d3  SysTick_Handler                           
000010d3  T32_INT1_IRQHandler                       
000010d3  T32_INT2_IRQHandler                       
000010d3  T32_INTC_IRQHandler                       
000010d3  TA0_0_IRQHandler                          
000010d3  TA0_N_IRQHandler                          
000010d3  TA1_0_IRQHandler                          
000010d3  TA1_N_IRQHandler                          
000010d3  TA2_0_IRQHandler                          
000010d3  TA2_N_IRQHandler                          
000010d3  TA3_0_IRQHandler                          
000010d3  TA3_N_IRQHandler                          
000010d3  UsageFault_Handler                        
000010d3  WDT_A_IRQHandler                          
000010d5  CPU_cpsie                                 
000010e1  __TI_zero_init                            
000010ed  Timer_A_startCounter                      
000010f5  _system_pre_init                          
000010f9  C$$EXIT                                   
000010f9  abort                                     
000011ac  upModeConfig                              
000011c4  compareConfig                             
000011fc  __TI_Handler_Table_Base                   
00001208  __TI_Handler_Table_Limit                  
00001210  __TI_CINIT_Base                           
00001220  __TI_CINIT_Limit                          
20000000  ADCBuffer                                 
20000400  UARTA0Data                                
20000480  UARTA2Data                                
20000500  UARTA0ReadIndex                           
20000504  UARTA0WriteIndex                          
20000508  UARTA2ReadIndex                           
2000050c  UARTA2WriteIndex                          
20000510  UART0Config                               
20000534  SystemCoreClock                           
20000538  index                                     
20000539  print                                     
2000fe00  __stack                                   
20010000  __STACK_END                               
4000480c  WDTCTL_SYM                                
ffffffff  __TI_pprof_out_hndl                       
ffffffff  __TI_prof_data_size                       
ffffffff  __TI_prof_data_start                      
ffffffff  __binit__                                 
ffffffff  __c_args__                                
ffffffff  binit                                     
UNDEFED   __mpu_init                                
UNDEFED   _system_post_cinit                        

[134 symbols]
